// Jest Snapshot v1, https://goo.gl/fbAQLP

exports[`render navbar 1`] = `
<nav
  class="navbar navbar-row navbar-top navbar-inverse bg-primary white"
>
  <div
    class="container"
  >
    <div
      class="row w-100 flex-align-center flex-space-between"
    >
      <h5>
        <img
          height="24"
          src="[object Object]"
          width="24"
        />
        
        Tonight
      
      </h5>
       
      <span>
        <span>
          test
        </span>
         
        <button
          class="btn btn-link white"
        >
          <i
            class="fa fa-sign-out"
          />
        </button>
      </span>
    </div>
  </div>
</nav>
`;
